============================= test session starts ==============================
platform darwin -- Python 3.12.12, pytest-9.0.3, pluggy-1.6.0 -- /Users/rajatthakral/miniforge3/bin/python
cachedir: .pytest_cache
rootdir: /Users/rajatthakral/Desktop/reddit_project /reddit_agent
configfile: pyproject.toml
plugins: anyio-4.12.1, mock-3.15.1, cov-7.1.0, timeout-2.4.0, asyncio-1.3.0, Faker-40.36.0, respx-0.23.1
asyncio: mode=Mode.STRICT, debug=False, asyncio_default_fixture_loop_scope=function, asyncio_default_test_loop_scope=function
collecting ... collected 94 items

tests/test_config.py::test_valid_1_subreddit PASSED                      [  1%]
tests/test_config.py::test_valid_5_subreddits PASSED                     [  2%]
tests/test_config.py::test_invalid_6_subreddits PASSED                   [  3%]
tests/test_config.py::test_invalid_0_subreddits PASSED                   [  4%]
tests/test_config.py::test_invalid_threshold_over_100 PASSED             [  5%]
tests/test_config.py::test_invalid_mode PASSED                           [  6%]
tests/test_config.py::test_subreddits_whitespace_stripped PASSED         [  7%]
tests/test_config.py::test_repr_redacts_secrets PASSED                   [  8%]
tests/test_db.py::TestDatabase::test_migrations_run_clean PASSED         [  9%]
tests/test_db.py::TestDatabase::test_migrations_idempotent PASSED        [ 10%]
tests/test_db.py::TestDatabase::test_unique_constraint_on_replies PASSED [ 11%]
tests/test_db.py::TestDatabase::test_kill_switch_seed_is_false PASSED    [ 12%]
tests/test_db.py::TestDatabase::test_automation_allowed_defaults_false PASSED [ 13%]
tests/test_guardrails.py::test_hazard_detected_in_post PASSED            [ 14%]
tests/test_guardrails.py::test_hazard_forces_safety_reply PASSED         [ 15%]
tests/test_guardrails.py::test_hazard_runs_before_denylist PASSED        [ 17%]
tests/test_guardrails.py::test_destructive_content_blocked PASSED        [ 18%]
tests/test_guardrails.py::test_credential_request_blocked PASSED         [ 19%]
tests/test_guardrails.py::test_promotional_content_blocked PASSED        [ 20%]
tests/test_guardrails.py::test_url_in_reply_blocked PASSED               [ 21%]
tests/test_guardrails.py::test_clean_reply_passes_all_guardrails PASSED  [ 22%]
tests/test_guardrails.py::test_certainty_language_blocked PASSED         [ 23%]
tests/test_ingest.py::test_new_post_stored_with_status_seen PASSED       [ 24%]
tests/test_ingest.py::test_duplicate_same_hash_returns_duplicate_ignored PASSED [ 25%]
tests/test_ingest.py::test_locked_post_returns_unactionable PASSED       [ 26%]
tests/test_ingest.py::test_deleted_post_returns_unactionable PASSED      [ 27%]
tests/test_ingest.py::test_empty_body_returns_unactionable PASSED        [ 28%]
tests/test_ingest.py::test_edit_no_reply_requeues_for_scoring PASSED     [ 29%]
tests/test_ingest.py::test_edit_after_reply_ignored PASSED               [ 30%]
tests/test_ingest.py::test_ingest_batch_creates_subreddit_if_missing PASSED [ 31%]
tests/test_ingest.py::test_ingest_batch_returns_correct_counts PASSED    [ 32%]
tests/test_ingest.py::test_all_events_logged PASSED                      [ 34%]
tests/test_live_source.py::test_live_fetch_returns_normalized_posts SKIPPED [ 35%]
tests/test_live_source.py::test_live_cursor_advances SKIPPED (Live R...) [ 36%]
tests/test_live_source.py::test_live_auth_works SKIPPED (Live Reddit...) [ 37%]
tests/test_models.py::test_content_hash_deterministic PASSED             [ 38%]
tests/test_models.py::test_content_hash_changes_on_edit PASSED           [ 39%]
tests/test_models.py::test_is_actionable_locked_false PASSED             [ 40%]
tests/test_models.py::test_is_actionable_deleted_false PASSED            [ 41%]
tests/test_models.py::test_is_actionable_empty_body_false PASSED         [ 42%]
tests/test_models.py::test_is_actionable_normal_post_true PASSED         [ 43%]
tests/test_models.py::test_fixtures_load_correctly PASSED                [ 44%]
tests/test_observability.py::test_log_event_writes_to_stdout PASSED      [ 45%]
tests/test_observability.py::test_log_event_writes_to_db PASSED          [ 46%]
tests/test_observability.py::test_log_event_redacts_api_key_in_extra PASSED [ 47%]
tests/test_observability.py::test_log_event_redacts_username_in_reason PASSED [ 48%]
tests/test_observability.py::test_timed_stage_logs_latency PASSED        [ 50%]
tests/test_observability.py::test_timed_stage_logs_error_on_exception PASSED [ 51%]
tests/test_pipeline_e2e.py::test_e2e_positive_post_dry_run_simulated PASSED [ 52%]
tests/test_pipeline_e2e.py::test_e2e_negative_post_skipped PASSED        [ 53%]
tests/test_pipeline_e2e.py::test_e2e_ambiguous_gets_clarifying_question PASSED [ 54%]
tests/test_pipeline_e2e.py::test_e2e_hazard_post_gets_safety_reply PASSED [ 55%]
tests/test_pipeline_e2e.py::test_e2e_locked_post_unactionable PASSED     [ 56%]
tests/test_pipeline_e2e.py::test_e2e_duplicate_only_one_reply PASSED     [ 57%]
tests/test_pipeline_e2e.py::test_e2e_6_subreddits_config_error PASSED    [ 58%]
tests/test_pipeline_e2e.py::test_e2e_kill_switch_stops_new_posts PASSED  [ 59%]
tests/test_pipeline_e2e.py::test_e2e_cost_cap_aborts_run PASSED          [ 60%]
tests/test_pipeline_e2e.py::test_e2e_no_network_in_test_mode PASSED      [ 61%]
tests/test_posting.py::test_dry_run_writes_simulated_status PASSED       [ 62%]
tests/test_posting.py::test_dry_run_never_calls_reddit_api PASSED        [ 63%]
tests/test_posting.py::test_kill_switch_blocks_live_post PASSED          [ 64%]
tests/test_posting.py::test_kill_switch_checked_fresh PASSED             [ 65%]
tests/test_posting.py::test_automation_not_allowed_blocks_post PASSED    [ 67%]
tests/test_posting.py::test_idempotency_duplicate_reply_prevented PASSED [ 68%]
tests/test_posting.py::test_idempotency_survives_process_restart PASSED  [ 69%]
tests/test_posting.py::test_live_post_stores_comment_id PASSED           [ 70%]
tests/test_posting.py::test_429_triggers_backoff PASSED                  [ 71%]
tests/test_posting.py::test_max_retries_raises_reddit_unavailable PASSED [ 72%]
tests/test_reply_gen.py::test_generates_troubleshooting_for_clear_post PASSED [ 73%]
tests/test_reply_gen.py::test_generates_clarifying_question_for_ambiguous_post PASSED [ 74%]
tests/test_reply_gen.py::test_guardrail_block_raises_exception PASSED    [ 75%]
tests/test_reply_gen.py::test_hazard_post_gets_safety_reply_not_diagnosis PASSED [ 76%]
tests/test_reply_gen.py::test_reply_under_200_words PASSED               [ 77%]
tests/test_reply_gen.py::test_cost_tracked_for_generation_call PASSED    [ 78%]
tests/test_scoring.py::test_pre_filter_fails_no_keyword PASSED           [ 79%]
tests/test_scoring.py::test_pre_filter_fails_solved_flair PASSED         [ 80%]
tests/test_scoring.py::test_pre_filter_fails_body_too_short PASSED       [ 81%]
tests/test_scoring.py::test_pre_filter_fails_post_too_old PASSED         [ 82%]
tests/test_scoring.py::test_pre_filter_passes_valid_post PASSED          [ 84%]
tests/test_scoring.py::test_score_post_returns_valid_structure PASSED    [ 85%]
tests/test_scoring.py::test_score_post_all_factors_present PASSED        [ 86%]
tests/test_scoring.py::test_score_is_deterministic PASSED                [ 87%]
tests/test_scoring.py::test_malformed_llm_response_retries_once_then_raises PASSED [ 88%]
tests/test_scoring.py::test_cost_cap_exceeded_raises PASSED              [ 89%]
tests/test_scoring.py::test_cost_tracker_summary PASSED                  [ 90%]
tests/test_scoring.py::test_pre_filter_skip_does_not_call_llm PASSED     [ 91%]
tests/test_sources.py::TestTestSource::test_test_source_loads_fixtures PASSED [ 92%]
tests/test_sources.py::TestTestSource::test_test_source_returns_normalized_posts PASSED [ 93%]
tests/test_sources.py::TestTestSource::test_test_source_cursor_advances PASSED [ 94%]
tests/test_sources.py::TestTestSource::test_test_source_makes_no_network_calls PASSED [ 95%]
tests/test_sources.py::TestTestSource::test_test_source_deterministic PASSED [ 96%]
tests/test_sources.py::TestTestSource::test_test_source_respects_unknown_cursor PASSED [ 97%]
tests/test_sources.py::TestGetSource::test_get_source_returns_test_source PASSED [ 98%]
tests/test_sources.py::TestGetSource::test_get_source_invalid_raises PASSED [100%]

======================== 91 passed, 3 skipped in 2.40s =========================
